Performing C SOURCE FILE Test CMAKE_HAVE_LIBC_PTHREAD failed with the following output:
Change Dir: /home/bilal/catkin_ws/src/mbk_ardupilot_drone/build/CMakeFiles/CMakeTmp

Run Build Command(s):/usr/bin/make cmTC_dd72c/fast && /usr/bin/make -f CMakeFiles/cmTC_dd72c.dir/build.make CMakeFiles/cmTC_dd72c.dir/build
make[1]: Entering directory '/home/bilal/catkin_ws/src/mbk_ardupilot_drone/build/CMakeFiles/CMakeTmp'
Building C object CMakeFiles/cmTC_dd72c.dir/src.c.o
/usr/lib/ccache/cc   -DCMAKE_HAVE_LIBC_PTHREAD   -o CMakeFiles/cmTC_dd72c.dir/src.c.o   -c /home/bilal/catkin_ws/src/mbk_ardupilot_drone/build/CMakeFiles/CMakeTmp/src.c
Linking C executable cmTC_dd72c
/usr/bin/cmake -E cmake_link_script CMakeFiles/cmTC_dd72c.dir/link.txt --verbose=1
/usr/lib/ccache/cc  -DCMAKE_HAVE_LIBC_PTHREAD    -rdynamic CMakeFiles/cmTC_dd72c.dir/src.c.o  -o cmTC_dd72c 
/usr/bin/ld: CMakeFiles/cmTC_dd72c.dir/src.c.o: in function `main':
src.c:(.text+0x46): undefined reference to `pthread_create'
/usr/bin/ld: src.c:(.text+0x52): undefined reference to `pthread_detach'
/usr/bin/ld: src.c:(.text+0x63): undefined reference to `pthread_join'
collect2: error: ld returned 1 exit status
make[1]: *** [CMakeFiles/cmTC_dd72c.dir/build.make:87: cmTC_dd72c] Error 1
make[1]: Leaving directory '/home/bilal/catkin_ws/src/mbk_ardupilot_drone/build/CMakeFiles/CMakeTmp'
make: *** [Makefile:121: cmTC_dd72c/fast] Error 2


Source file was:
#include <pthread.h>

void* test_func(void* data)
{
  return data;
}

int main(void)
{
  pthread_t thread;
  pthread_create(&thread, NULL, test_func, NULL);
  pthread_detach(thread);
  pthread_join(thread, NULL);
  pthread_atfork(NULL, NULL, NULL);
  pthread_exit(NULL);

  return 0;
}

Determining if the function pthread_create exists in the pthreads failed with the following output:
Change Dir: /home/bilal/catkin_ws/src/mbk_ardupilot_drone/build/CMakeFiles/CMakeTmp

Run Build Command(s):/usr/bin/make cmTC_30701/fast && /usr/bin/make -f CMakeFiles/cmTC_30701.dir/build.make CMakeFiles/cmTC_30701.dir/build
make[1]: Entering directory '/home/bilal/catkin_ws/src/mbk_ardupilot_drone/build/CMakeFiles/CMakeTmp'
Building C object CMakeFiles/cmTC_30701.dir/CheckFunctionExists.c.o
/usr/lib/ccache/cc   -DCHECK_FUNCTION_EXISTS=pthread_create   -o CMakeFiles/cmTC_30701.dir/CheckFunctionExists.c.o   -c /usr/share/cmake-3.16/Modules/CheckFunctionExists.c
Linking C executable cmTC_30701
/usr/bin/cmake -E cmake_link_script CMakeFiles/cmTC_30701.dir/link.txt --verbose=1
/usr/lib/ccache/cc  -DCHECK_FUNCTION_EXISTS=pthread_create    -rdynamic CMakeFiles/cmTC_30701.dir/CheckFunctionExists.c.o  -o cmTC_30701  -lpthreads 
/usr/bin/ld: cannot find -lpthreads
collect2: error: ld returned 1 exit status
make[1]: *** [CMakeFiles/cmTC_30701.dir/build.make:87: cmTC_30701] Error 1
make[1]: Leaving directory '/home/bilal/catkin_ws/src/mbk_ardupilot_drone/build/CMakeFiles/CMakeTmp'
make: *** [Makefile:121: cmTC_30701/fast] Error 2



Performing C SOURCE FILE Test CMAKE_HAVE_LIBC_PTHREAD failed with the following output:
Change Dir: /home/bilal/catkin_ws/src/mbk_ardupilot_drone/build/CMakeFiles/CMakeTmp

Run Build Command(s):/usr/bin/make cmTC_f0a49/fast && /usr/bin/make -f CMakeFiles/cmTC_f0a49.dir/build.make CMakeFiles/cmTC_f0a49.dir/build
make[1]: Entering directory '/home/bilal/catkin_ws/src/mbk_ardupilot_drone/build/CMakeFiles/CMakeTmp'
Building C object CMakeFiles/cmTC_f0a49.dir/src.c.o
/usr/lib/ccache/cc   -DCMAKE_HAVE_LIBC_PTHREAD   -o CMakeFiles/cmTC_f0a49.dir/src.c.o   -c /home/bilal/catkin_ws/src/mbk_ardupilot_drone/build/CMakeFiles/CMakeTmp/src.c
Linking C executable cmTC_f0a49
/usr/bin/cmake -E cmake_link_script CMakeFiles/cmTC_f0a49.dir/link.txt --verbose=1
/usr/lib/ccache/cc  -DCMAKE_HAVE_LIBC_PTHREAD    -rdynamic CMakeFiles/cmTC_f0a49.dir/src.c.o  -o cmTC_f0a49 
/usr/bin/ld: CMakeFiles/cmTC_f0a49.dir/src.c.o: in function `main':
src.c:(.text+0x46): undefined reference to `pthread_create'
/usr/bin/ld: src.c:(.text+0x52): undefined reference to `pthread_detach'
/usr/bin/ld: src.c:(.text+0x63): undefined reference to `pthread_join'
collect2: error: ld returned 1 exit status
make[1]: *** [CMakeFiles/cmTC_f0a49.dir/build.make:87: cmTC_f0a49] Error 1
make[1]: Leaving directory '/home/bilal/catkin_ws/src/mbk_ardupilot_drone/build/CMakeFiles/CMakeTmp'
make: *** [Makefile:121: cmTC_f0a49/fast] Error 2


Source file was:
#include <pthread.h>

void* test_func(void* data)
{
  return data;
}

int main(void)
{
  pthread_t thread;
  pthread_create(&thread, NULL, test_func, NULL);
  pthread_detach(thread);
  pthread_join(thread, NULL);
  pthread_atfork(NULL, NULL, NULL);
  pthread_exit(NULL);

  return 0;
}

Determining if the function pthread_create exists in the pthreads failed with the following output:
Change Dir: /home/bilal/catkin_ws/src/mbk_ardupilot_drone/build/CMakeFiles/CMakeTmp

Run Build Command(s):/usr/bin/make cmTC_17c2a/fast && /usr/bin/make -f CMakeFiles/cmTC_17c2a.dir/build.make CMakeFiles/cmTC_17c2a.dir/build
make[1]: Entering directory '/home/bilal/catkin_ws/src/mbk_ardupilot_drone/build/CMakeFiles/CMakeTmp'
Building C object CMakeFiles/cmTC_17c2a.dir/CheckFunctionExists.c.o
/usr/lib/ccache/cc   -DCHECK_FUNCTION_EXISTS=pthread_create   -o CMakeFiles/cmTC_17c2a.dir/CheckFunctionExists.c.o   -c /usr/share/cmake-3.16/Modules/CheckFunctionExists.c
Linking C executable cmTC_17c2a
/usr/bin/cmake -E cmake_link_script CMakeFiles/cmTC_17c2a.dir/link.txt --verbose=1
/usr/lib/ccache/cc  -DCHECK_FUNCTION_EXISTS=pthread_create    -rdynamic CMakeFiles/cmTC_17c2a.dir/CheckFunctionExists.c.o  -o cmTC_17c2a  -lpthreads 
/usr/bin/ld: cannot find -lpthreads
collect2: error: ld returned 1 exit status
make[1]: *** [CMakeFiles/cmTC_17c2a.dir/build.make:87: cmTC_17c2a] Error 1
make[1]: Leaving directory '/home/bilal/catkin_ws/src/mbk_ardupilot_drone/build/CMakeFiles/CMakeTmp'
make: *** [Makefile:121: cmTC_17c2a/fast] Error 2



